src/middleware/globalErrorHandler.ts(68,7): error TS2322: Type 'string' is not assignable to type 'T & string'.
  Type 'string' is not assignable to type 'T'.
    'T' could be instantiated with an arbitrary type which could be unrelated to 'string'.
